uiu@LDEeee MINGW64 ~/Desktop/Git Github/New folder (2) ((519ae5b...))
$ git init
Initialized empty Git repository in C:/Users/uiu/Desktop/Git Github/New folder (2)/.git/

uiu@LDEeee MINGW64 ~/Desktop/Git Github/New folder (2) (master)
$ git status
On branch master

No commits yet

Untracked files:
  (use "git add <file>..." to include in what will be committed)
        A.txt

nothing added to commit but untracked files present (use "git add" to track)

uiu@LDEeee MINGW64 ~/Desktop/Git Github/New folder (2) (master)
$ git add A.txt

uiu@LDEeee MINGW64 ~/Desktop/Git Github/New folder (2) (master)
$ git commit -m "first commit"
[master (root-commit) 6dc0460] first commit
 1 file changed, 1 insertion(+)
 create mode 100644 A.txt

uiu@LDEeee MINGW64 ~/Desktop/Git Github/New folder (2) (master)
$ git remote add origin https://github.com/Rafsan12345/HTML-.git

uiu@LDEeee MINGW64 ~/Desktop/Git Github/New folder (2) (master)
$ git push -u origin main
error: src refspec main does not match any
error: failed to push some refs to 'https://github.com/Rafsan12345/HTML-.git'

uiu@LDEeee MINGW64 ~/Desktop/Git Github/New folder (2) (master)
$ git branch -M main

uiu@LDEeee MINGW64 ~/Desktop/Git Github/New folder (2) (main)
$ git remote add origin https://github.com/Rafsan12345/HTML-.git
error: remote origin already exists.

uiu@LDEeee MINGW64 ~/Desktop/Git Github/New folder (2) (main)
$ git push -u origin main
info: please complete authentication in your browser...
Enumerating objects: 3, done.
Counting objects: 100% (3/3), done.
Writing objects: 100% (3/3), 209 bytes | 209.00 KiB/s, done.
Total 3 (delta 0), reused 0 (delta 0), pack-reused 0 (from 0)
To https://github.com/Rafsan12345/HTML-.git
 * [new branch]      main -> main
branch 'main' set up to track 'origin/main'.

uiu@LDEeee MINGW64 ~/Desktop/Git Github/New folder (2) (main)
$
